Archive member included because of file (symbol)

../../BSP/Debug\libBSP.a(font8x16.o)
                              ./draw.o (font)
../../BSP/Debug\libBSP.a(iis.o)
                              ./proyecto.o (iis_init)
../../BSP/Debug\libBSP.a(keypad.o)
                              ./proyecto.o (keypad_timeout_getchar)
../../BSP/Debug\libBSP.a(lcd.o)
                              ./proyecto.o (lcd_init)
../../BSP/Debug\libBSP.a(leds.o)
                              ./proyecto.o (leds_init)
../../BSP/Debug\libBSP.a(pbs.o)
                              ./proyecto.o (pbs_init)
../../BSP/Debug\libBSP.a(power.o)
                              ../../BSP/Debug\libBSP.a(iis.o) (power_on)
../../BSP/Debug\libBSP.a(rtc.o)
                              ./proyecto.o (rtc_init)
../../BSP/Debug\libBSP.a(segs.o)
                              ./proyecto.o (segs_init)
../../BSP/Debug\libBSP.a(system.o)
                              ./proyecto.o (sys_init)
../../BSP/Debug\libBSP.a(timers.o)
                              ./proyecto.o (timers_init)
../../BSP/Debug\libBSP.a(uart.o)
                              ./proyecto.o (uart0_init)
../../BSP/Debug\libBSP.a(uda1341ts.o)
                              ./proyecto.o (uda1341ts_init)
../../BSP/Debug\libBSP.a(dma.o)
                              ../../BSP/Debug\libBSP.a(iis.o) (bdma0_init)
../../BSP/Debug\libBSP.a(l3.o)
                              ../../BSP/Debug\libBSP.a(uda1341ts.o) (L3_init)
c:/eclipsearm/eclipsearm/sourcery-g++-lite-arm-2011.03/bin/../lib/gcc/arm-none-eabi/4.5.2\libgcc.a(_udivsi3.o)
                              ../../BSP/Debug\libBSP.a(timers.o) (__aeabi_uidiv)
c:/eclipsearm/eclipsearm/sourcery-g++-lite-arm-2011.03/bin/../lib/gcc/arm-none-eabi/4.5.2\libgcc.a(_dvmd_tls.o)
                              c:/eclipsearm/eclipsearm/sourcery-g++-lite-arm-2011.03/bin/../lib/gcc/arm-none-eabi/4.5.2\libgcc.a(_udivsi3.o) (__aeabi_idiv0)
c:/eclipsearm/eclipsearm/sourcery-g++-lite-arm-2011.03/bin/../lib/gcc/arm-none-eabi/4.5.2\libgcc.a(_aeabi_uldivmod.o)
                              ../../BSP/Debug\libBSP.a(timers.o) (__aeabi_uldivmod)
c:/eclipsearm/eclipsearm/sourcery-g++-lite-arm-2011.03/bin/../lib/gcc/arm-none-eabi/4.5.2\libgcc.a(bpabi.o)
                              c:/eclipsearm/eclipsearm/sourcery-g++-lite-arm-2011.03/bin/../lib/gcc/arm-none-eabi/4.5.2\libgcc.a(_aeabi_uldivmod.o) (__gnu_uldivmod_helper)
c:/eclipsearm/eclipsearm/sourcery-g++-lite-arm-2011.03/bin/../lib/gcc/arm-none-eabi/4.5.2\libgcc.a(_divdi3.o)
                              c:/eclipsearm/eclipsearm/sourcery-g++-lite-arm-2011.03/bin/../lib/gcc/arm-none-eabi/4.5.2\libgcc.a(bpabi.o) (__divdi3)
c:/eclipsearm/eclipsearm/sourcery-g++-lite-arm-2011.03/bin/../lib/gcc/arm-none-eabi/4.5.2\libgcc.a(_udivdi3.o)
                              c:/eclipsearm/eclipsearm/sourcery-g++-lite-arm-2011.03/bin/../lib/gcc/arm-none-eabi/4.5.2\libgcc.a(bpabi.o) (__udivdi3)
c:/eclipsearm/eclipsearm/sourcery-g++-lite-arm-2011.03/bin/../lib/gcc/arm-none-eabi/4.5.2\libgcc.a(_clzsi2.o)
                              c:/eclipsearm/eclipsearm/sourcery-g++-lite-arm-2011.03/bin/../lib/gcc/arm-none-eabi/4.5.2\libgcc.a(_divdi3.o) (__clzsi2)

Allocating common symbols
Common symbol       size              file

Alarmhour           0x1               ./proyecto.o
Alarmmin            0x1               ./proyecto.o
PbScancode          0x1               ./proyecto.o

Memory Configuration

Name             Origin             Length             Attributes
*default*        0x00000000         0xffffffff

Linker script and memory map

LOAD ./.metadata/.plugins/org.eclipse.cdt.make.core/specs.o
LOAD ./draw.o
LOAD ./kernelcoop.o
LOAD ./proyecto.o
LOAD ./sintesisVoz.o
LOAD ../../BSP/Debug\libBSP.a
START GROUP
LOAD c:/eclipsearm/eclipsearm/sourcery-g++-lite-arm-2011.03/bin/../lib/gcc/arm-none-eabi/4.5.2\libgcc.a
LOAD c:/eclipsearm/eclipsearm/sourcery-g++-lite-arm-2011.03/bin/../lib/gcc/arm-none-eabi/4.5.2/../../../../arm-none-eabi/lib\libc.a
END GROUP
                0x0c100000                . = 0xc100000
                0x0c100000                _image_start = .
                0x0c100000                _code_start = .

.text           0x0c100000     0xb5d8
 *(.text)
 .text          0x0c100000        0x0 ./.metadata/.plugins/org.eclipse.cdt.make.core/specs.o
 .text          0x0c100000      0x318 ./draw.o
                0x0c100000                lcd_putchar_x10
                0x0c10016c                lcd_puts_x10
                0x0c1001f8                lcd_putintx10
 .text          0x0c100318      0x580 ./kernelcoop.o
                0x0c100318                delete_task
                0x0c100410                create_task
                0x0c1005b8                scheduler_init
                0x0c100600                scheduler
                0x0c100788                dispacher
 .text          0x0c100898      0xda8 ./proyecto.o
                0x0c100898                main
                0x0c100994                Task1
                0x0c100abc                Task2
                0x0c100b44                Task3
                0x0c100c44                Task4
                0x0c101000                Task5
                0x0c101440                Task6
                0x0c101548                isr_keypad
                0x0c101594                isr_pb
 .text          0x0c101640     0x2f38 ./sintesisVoz.o
                0x0c101640                iis_textToSpeech
                0x0c1016ec                iis_textToSpeechInteger
 .text          0x0c104578        0x0 ../../BSP/Debug\libBSP.a(font8x16.o)
 .text          0x0c104578      0x784 ../../BSP/Debug\libBSP.a(iis.o)
                0x0c104578                iis_init
                0x0c104724                iis_putSample
                0x0c10478c                iis_getSample
                0x0c104800                iis_play
                0x0c1049c0                iis_rec
                0x0c104b4c                iis_pause
                0x0c104b8c                iis_continue
                0x0c104bcc                iis_status
                0x0c104bf4                iis_playwawFile
 .text          0x0c104cfc      0xa20 ../../BSP/Debug\libBSP.a(keypad.o)
                0x0c104cfc                keypad_scan
                0x0c104f20                keypad_status
                0x0c10522c                keypad_wait_keydown
                0x0c1052b0                keypad_wait_keyup
                0x0c105354                keypad_wait_any_keydown
                0x0c105390                keypad_wait_any_keyup
                0x0c1053ec                keypad_getchartime
                0x0c105494                keypad_timeout_getchar
                0x0c105584                keypad_open
                0x0c1055dc                keypad_close
                0x0c105620                keypad_init
                0x0c1056a8                keypad_getchar
 .text          0x0c10571c     0x13e4 ../../BSP/Debug\libBSP.a(lcd.o)
                0x0c10571c                lcd_init
                0x0c1058cc                lcd_on
                0x0c105908                lcd_off
                0x0c105944                lcd_status
                0x0c10596c                lcd_clear
                0x0c1059cc                lcd_putpixel
                0x0c105ab8                lcd_getpixel
                0x0c105b54                lcd_draw_hline
                0x0c105cac                lcd_draw_vline
                0x0c105e04                lcd_draw_box
                0x0c105efc                lcd_putchar
                0x0c106178                lcd_puts
                0x0c1061ec                lcd_putint
                0x0c106368                lcd_puthex
                0x0c106448                lcd_putchar_x2
                0x0c1066d4                lcd_puts_x2
                0x0c106748                lcd_putint_x2
                0x0c1068c4                lcd_puthex_x2
                0x0c1069a4                lcd_putWallpaper
 .text          0x0c106b00      0x168 ../../BSP/Debug\libBSP.a(leds.o)
                0x0c106b00                leds_init
                0x0c106b48                led_on
                0x0c106b90                led_off
                0x0c106bd4                led_toggle
                0x0c106c18                led_status
 .text          0x0c106c68      0x560 ../../BSP/Debug\libBSP.a(pbs.o)
                0x0c106c68                pbs_init
                0x0c106cd8                pb_scan
                0x0c106d34                pb_status
                0x0c106d80                pb_wait_keydown
                0x0c106dcc                pb_wait_keyup
                0x0c106e3c                pb_wait_any_keydown
                0x0c106e8c                pb_wait_any_keyup
                0x0c106f10                pb_getchar
                0x0c106f84                pb_getchartime
                0x0c10702c                pb_timeout_getchar
                0x0c10711c                pbs_open
                0x0c107184                pbs_close
 .text          0x0c1071c8      0x214 ../../BSP/Debug\libBSP.a(power.o)
                0x0c1071c8                power_on
                0x0c1072a8                power_off
                0x0c10738c                power_status
 .text          0x0c1073dc      0x92c ../../BSP/Debug\libBSP.a(rtc.o)
                0x0c1073dc                rtc_init
                0x0c107520                rtc_puttime
                0x0c1077d8                rtc_gettime
                0x0c107c40                rtc_open
                0x0c107cb4                rtc_close
 .text          0x0c107d08       0xf4 ../../BSP/Debug\libBSP.a(segs.o)
                0x0c107d08                segs_init
                0x0c107d44                segs_off
                0x0c107d7c                segs_putchar
                0x0c107dd4                segs_status
 .text          0x0c107dfc     0x15d8 ../../BSP/Debug\libBSP.a(system.o)
                0x0c107dfc                sys_init
                0x0c1084ac                isr_SWI_dummy
                0x0c1084ec                isr_UNDEF_dummy
                0x0c10852c                isr_IRQ_dummy
                0x0c108574                isr_FIQ_dummy
                0x0c1085bc                isr_PABORT_dummy
                0x0c108604                isr_DABORT_dummy
                0x0c10864c                isr_ADC_dummy
                0x0c108694                isr_RTC_dummy
                0x0c1086dc                isr_UTXD1_dummy
                0x0c108724                isr_UTXD0_dummy
                0x0c10876c                isr_SIO_dummy
                0x0c1087b4                isr_IIC_dummy
                0x0c1087fc                isr_URXD1_dummy
                0x0c108844                isr_URXD0_dummy
                0x0c10888c                isr_TIMER5_dummy
                0x0c1088d4                isr_TIMER4_dummy
                0x0c10891c                isr_TIMER3_dummy
                0x0c108964                isr_TIMER2_dummy
                0x0c1089ac                isr_TIMER1_dummy
                0x0c1089f4                isr_TIMER0_dummy
                0x0c108a3c                isr_UERR01_dummy
                0x0c108a84                isr_WDT_dummy
                0x0c108acc                isr_BDMA1_dummy
                0x0c108b14                isr_BDMA0_dummy
                0x0c108b5c                isr_ZDMA1_dummy
                0x0c108ba4                isr_ZDMA0_dummy
                0x0c108bec                isr_TICK_dummy
                0x0c108c34                isr_PB_dummy
                0x0c108c7c                isr_ETHERNET_dummy
                0x0c108cc4                isr_TS_dummy
                0x0c108d0c                isr_KEYPAD_dummy
                0x0c108d54                isr_USB_dummy
                0x0c109244                getmem
                0x0c1093a4                sleep
 .text          0x0c1093d4      0xad4 ../../BSP/Debug\libBSP.a(timers.o)
                0x0c1093d4                timers_init
                0x0c10959c                timer3_delay_ms
                0x0c10969c                sw_delay_ms
                0x0c1096f4                timer3_delay_s
                0x0c1097f0                sw_delay_s
                0x0c109848                timer3_start
                0x0c109924                timer3_stop
                0x0c109978                timer3_start_timeout
                0x0c109a5c                timer3_timeout
                0x0c109a98                timer0_open_tick
                0x0c109cf0                timer0_open_ms
                0x0c109e14                timer0_close
 .text          0x0c109ea8      0x618 ../../BSP/Debug\libBSP.a(uart.o)
                0x0c109ea8                uart0_init
                0x0c109f78                uart0_putchar
                0x0c109fc8                uart0_getchar
                0x0c10a018                uart0_puts
                0x0c10a068                uart0_putint
                0x0c10a1bc                uart0_puthex
                0x0c10a274                uart0_gets
                0x0c10a2d4                uart0_getint
                0x0c10a3ac                uart0_gethex
 .text          0x0c10a4c0      0x2b0 ../../BSP/Debug\libBSP.a(uda1341ts.o)
                0x0c10a4c0                uda1341ts_init
                0x0c10a53c                uda1341ts_mute
                0x0c10a590                uda1341ts_on
                0x0c10a604                uda1341ts_off
                0x0c10a688                uda1341ts_status
                0x0c10a6e4                uda1341ts_setvol
                0x0c10a748                uda1341ts_getvol
 .text          0x0c10a770       0xfc ../../BSP/Debug\libBSP.a(dma.o)
                0x0c10a770                bdma0_init
                0x0c10a7cc                bdma0_open
                0x0c10a828                bdma0_close
 .text          0x0c10a86c      0x274 ../../BSP/Debug\libBSP.a(l3.o)
                0x0c10a86c                L3_init
                0x0c10a92c                L3_putByte
 .text          0x0c10aae0      0x114 c:/eclipsearm/eclipsearm/sourcery-g++-lite-arm-2011.03/bin/../lib/gcc/arm-none-eabi/4.5.2\libgcc.a(_udivsi3.o)
                0x0c10aae0                __aeabi_uidiv
                0x0c10aae0                __udivsi3
                0x0c10abd4                __aeabi_uidivmod
 .text          0x0c10abf4        0x4 c:/eclipsearm/eclipsearm/sourcery-g++-lite-arm-2011.03/bin/../lib/gcc/arm-none-eabi/4.5.2\libgcc.a(_dvmd_tls.o)
                0x0c10abf4                __aeabi_idiv0
                0x0c10abf4                __aeabi_ldiv0
 .text          0x0c10abf8       0x3c c:/eclipsearm/eclipsearm/sourcery-g++-lite-arm-2011.03/bin/../lib/gcc/arm-none-eabi/4.5.2\libgcc.a(_aeabi_uldivmod.o)
                0x0c10abf8                __aeabi_uldivmod
 .text          0x0c10ac34       0x80 c:/eclipsearm/eclipsearm/sourcery-g++-lite-arm-2011.03/bin/../lib/gcc/arm-none-eabi/4.5.2\libgcc.a(bpabi.o)
                0x0c10ac34                __gnu_ldivmod_helper
                0x0c10ac74                __gnu_uldivmod_helper
 .text          0x0c10acb4      0x4a8 c:/eclipsearm/eclipsearm/sourcery-g++-lite-arm-2011.03/bin/../lib/gcc/arm-none-eabi/4.5.2\libgcc.a(_divdi3.o)
                0x0c10acb4                __divdi3
 .text          0x0c10b15c      0x434 c:/eclipsearm/eclipsearm/sourcery-g++-lite-arm-2011.03/bin/../lib/gcc/arm-none-eabi/4.5.2\libgcc.a(_udivdi3.o)
                0x0c10b15c                __udivdi3
 .text          0x0c10b590       0x48 c:/eclipsearm/eclipsearm/sourcery-g++-lite-arm-2011.03/bin/../lib/gcc/arm-none-eabi/4.5.2\libgcc.a(_clzsi2.o)
                0x0c10b590                __clzsi2
                0x0c10b5d8                _code_end = .
                0x0000b5d8                _code_size = SIZEOF (.text)
                0x0c10b5d8                _data_start = .

.glue_7         0x0c10b5d8        0x0
 .glue_7        0x00000000        0x0 linker stubs

.glue_7t        0x0c10b5d8        0x0
 .glue_7t       0x00000000        0x0 linker stubs

.vfp11_veneer   0x0c10b5d8        0x0
 .vfp11_veneer  0x00000000        0x0 linker stubs

.v4_bx          0x0c10b5d8        0x0
 .v4_bx         0x00000000        0x0 linker stubs

.rodata         0x0c10b5d8     0x1a1c
 *(.rodata)
 .rodata        0x0c10b5d8      0x228 ./proyecto.o
 .rodata        0x0c10b800      0x100 ./sintesisVoz.o
 .rodata        0x0c10b900     0x1000 ../../BSP/Debug\libBSP.a(font8x16.o)
                0x0c10b900                font
 .rodata        0x0c10c900       0x10 ../../BSP/Debug\libBSP.a(segs.o)
 .rodata        0x0c10c910      0x6e4 ../../BSP/Debug\libBSP.a(system.o)

.ARM.extab      0x0c10cff4        0x0
 .ARM.extab     0x0c10cff4        0x0 c:/eclipsearm/eclipsearm/sourcery-g++-lite-arm-2011.03/bin/../lib/gcc/arm-none-eabi/4.5.2\libgcc.a(_divdi3.o)
 .ARM.extab     0x0c10cff4        0x0 c:/eclipsearm/eclipsearm/sourcery-g++-lite-arm-2011.03/bin/../lib/gcc/arm-none-eabi/4.5.2\libgcc.a(_udivdi3.o)

.ARM.exidx      0x0c10cff4        0x8
 .ARM.exidx     0x0c10cff4        0x8 c:/eclipsearm/eclipsearm/sourcery-g++-lite-arm-2011.03/bin/../lib/gcc/arm-none-eabi/4.5.2\libgcc.a(_divdi3.o)
 .ARM.exidx     0x0c10cffc        0x0 c:/eclipsearm/eclipsearm/sourcery-g++-lite-arm-2011.03/bin/../lib/gcc/arm-none-eabi/4.5.2\libgcc.a(_udivdi3.o)
                                  0x8 (size before relaxing)

.data           0x0c10cffc      0x2ec
 *(.data)
 .data          0x0c10cffc        0x0 ./.metadata/.plugins/org.eclipse.cdt.make.core/specs.o
 .data          0x0c10cffc        0x0 ./draw.o
 .data          0x0c10cffc        0x0 ./kernelcoop.o
 .data          0x0c10cffc        0x2 ./proyecto.o
                0x0c10cffc                scancode
                0x0c10cffd                flaglcd
 *fill*         0x0c10cffe        0x2 00
 .data          0x0c10d000      0x2d8 ./sintesisVoz.o
 .data          0x0c10d2d8        0x0 ../../BSP/Debug\libBSP.a(font8x16.o)
 .data          0x0c10d2d8        0x0 ../../BSP/Debug\libBSP.a(iis.o)
 .data          0x0c10d2d8        0x0 ../../BSP/Debug\libBSP.a(keypad.o)
 .data          0x0c10d2d8        0x0 ../../BSP/Debug\libBSP.a(lcd.o)
 .data          0x0c10d2d8        0x0 ../../BSP/Debug\libBSP.a(leds.o)
 .data          0x0c10d2d8        0x0 ../../BSP/Debug\libBSP.a(pbs.o)
 .data          0x0c10d2d8        0x0 ../../BSP/Debug\libBSP.a(power.o)
 .data          0x0c10d2d8        0x0 ../../BSP/Debug\libBSP.a(rtc.o)
 .data          0x0c10d2d8        0x0 ../../BSP/Debug\libBSP.a(segs.o)
 .data          0x0c10d2d8       0x10 ../../BSP/Debug\libBSP.a(system.o)
                0x0c10d2e0                mclk
 .data          0x0c10d2e8        0x0 ../../BSP/Debug\libBSP.a(timers.o)
 .data          0x0c10d2e8        0x0 ../../BSP/Debug\libBSP.a(uart.o)
 .data          0x0c10d2e8        0x0 ../../BSP/Debug\libBSP.a(uda1341ts.o)
 .data          0x0c10d2e8        0x0 ../../BSP/Debug\libBSP.a(dma.o)
 .data          0x0c10d2e8        0x0 ../../BSP/Debug\libBSP.a(l3.o)
 .data          0x0c10d2e8        0x0 c:/eclipsearm/eclipsearm/sourcery-g++-lite-arm-2011.03/bin/../lib/gcc/arm-none-eabi/4.5.2\libgcc.a(_udivsi3.o)
 .data          0x0c10d2e8        0x0 c:/eclipsearm/eclipsearm/sourcery-g++-lite-arm-2011.03/bin/../lib/gcc/arm-none-eabi/4.5.2\libgcc.a(_dvmd_tls.o)
 .data          0x0c10d2e8        0x0 c:/eclipsearm/eclipsearm/sourcery-g++-lite-arm-2011.03/bin/../lib/gcc/arm-none-eabi/4.5.2\libgcc.a(_aeabi_uldivmod.o)
 .data          0x0c10d2e8        0x0 c:/eclipsearm/eclipsearm/sourcery-g++-lite-arm-2011.03/bin/../lib/gcc/arm-none-eabi/4.5.2\libgcc.a(bpabi.o)
 .data          0x0c10d2e8        0x0 c:/eclipsearm/eclipsearm/sourcery-g++-lite-arm-2011.03/bin/../lib/gcc/arm-none-eabi/4.5.2\libgcc.a(_divdi3.o)
 .data          0x0c10d2e8        0x0 c:/eclipsearm/eclipsearm/sourcery-g++-lite-arm-2011.03/bin/../lib/gcc/arm-none-eabi/4.5.2\libgcc.a(_udivdi3.o)
 .data          0x0c10d2e8        0x0 c:/eclipsearm/eclipsearm/sourcery-g++-lite-arm-2011.03/bin/../lib/gcc/arm-none-eabi/4.5.2\libgcc.a(_clzsi2.o)

.lcdbuffer      0x0c10d2e8     0x9600
 .lcdbuffer     0x0c10d2e8     0x9600 ../../BSP/Debug\libBSP.a(lcd.o)
                0x0c10d2e8                lcd_buffer

.bss            0x0c1168e8      0x115
 *(.bss)
 .bss           0x0c1168e8        0x0 ./.metadata/.plugins/org.eclipse.cdt.make.core/specs.o
 .bss           0x0c1168e8        0x0 ./draw.o
 .bss           0x0c1168e8       0xc8 ./kernelcoop.o
 .bss           0x0c1169b0        0x5 ./proyecto.o
                0x0c1169b0                Alarm
                0x0c1169b1                PbLeft
                0x0c1169b2                PbRight
                0x0c1169b3                flagTask5
                0x0c1169b4                pb_pressed
 .bss           0x0c1169b5        0x0 ./sintesisVoz.o
 .bss           0x0c1169b5        0x0 ../../BSP/Debug\libBSP.a(font8x16.o)
 .bss           0x0c1169b5        0x2 ../../BSP/Debug\libBSP.a(iis.o)
 .bss           0x0c1169b7        0x0 ../../BSP/Debug\libBSP.a(keypad.o)
 *fill*         0x0c1169b7        0x1 00
 .bss           0x0c1169b8       0x34 ../../BSP/Debug\libBSP.a(lcd.o)
 .bss           0x0c1169ec        0x0 ../../BSP/Debug\libBSP.a(leds.o)
 .bss           0x0c1169ec        0x0 ../../BSP/Debug\libBSP.a(pbs.o)
 .bss           0x0c1169ec        0x0 ../../BSP/Debug\libBSP.a(power.o)
 .bss           0x0c1169ec        0x0 ../../BSP/Debug\libBSP.a(rtc.o)
 .bss           0x0c1169ec        0x1 ../../BSP/Debug\libBSP.a(segs.o)
 .bss           0x0c1169ed        0x0 ../../BSP/Debug\libBSP.a(system.o)
 *fill*         0x0c1169ed        0x3 00
 .bss           0x0c1169f0        0x8 ../../BSP/Debug\libBSP.a(timers.o)
 .bss           0x0c1169f8        0x0 ../../BSP/Debug\libBSP.a(uart.o)
 .bss           0x0c1169f8        0x2 ../../BSP/Debug\libBSP.a(uda1341ts.o)
 .bss           0x0c1169fa        0x0 ../../BSP/Debug\libBSP.a(dma.o)
 .bss           0x0c1169fa        0x0 ../../BSP/Debug\libBSP.a(l3.o)
 .bss           0x0c1169fa        0x0 c:/eclipsearm/eclipsearm/sourcery-g++-lite-arm-2011.03/bin/../lib/gcc/arm-none-eabi/4.5.2\libgcc.a(_udivsi3.o)
 .bss           0x0c1169fa        0x0 c:/eclipsearm/eclipsearm/sourcery-g++-lite-arm-2011.03/bin/../lib/gcc/arm-none-eabi/4.5.2\libgcc.a(_dvmd_tls.o)
 .bss           0x0c1169fa        0x0 c:/eclipsearm/eclipsearm/sourcery-g++-lite-arm-2011.03/bin/../lib/gcc/arm-none-eabi/4.5.2\libgcc.a(_aeabi_uldivmod.o)
 .bss           0x0c1169fa        0x0 c:/eclipsearm/eclipsearm/sourcery-g++-lite-arm-2011.03/bin/../lib/gcc/arm-none-eabi/4.5.2\libgcc.a(bpabi.o)
 .bss           0x0c1169fa        0x0 c:/eclipsearm/eclipsearm/sourcery-g++-lite-arm-2011.03/bin/../lib/gcc/arm-none-eabi/4.5.2\libgcc.a(_divdi3.o)
 .bss           0x0c1169fa        0x0 c:/eclipsearm/eclipsearm/sourcery-g++-lite-arm-2011.03/bin/../lib/gcc/arm-none-eabi/4.5.2\libgcc.a(_udivdi3.o)
 .bss           0x0c1169fa        0x0 c:/eclipsearm/eclipsearm/sourcery-g++-lite-arm-2011.03/bin/../lib/gcc/arm-none-eabi/4.5.2\libgcc.a(_clzsi2.o)
 COMMON         0x0c1169fa        0x3 ./proyecto.o
                0x0c1169fa                Alarmhour
                0x0c1169fb                Alarmmin
                0x0c1169fc                PbScancode
                0x0c1169fd                _data_end = .
                0x00001e1d                _data_size = ((SIZEOF (.rodata) + SIZEOF (.data)) + SIZEOF (.bss))
                0x0000d3f5                _total_size = (_code_size + _data_size)
                0x0c1169fd                _image_end = .
                0x0c1169fd                end = .
OUTPUT(proyecto.elf elf32-littlearm)

.debug_abbrev   0x00000000     0x104b
 .debug_abbrev  0x00000000       0x16 ./.metadata/.plugins/org.eclipse.cdt.make.core/specs.o
 .debug_abbrev  0x00000016       0xbd ./draw.o
 .debug_abbrev  0x000000d3       0xec ./kernelcoop.o
 .debug_abbrev  0x000001bf      0x13e ./proyecto.o
 .debug_abbrev  0x000002fd      0x12f ./sintesisVoz.o
 .debug_abbrev  0x0000042c       0x63 ../../BSP/Debug\libBSP.a(font8x16.o)
 .debug_abbrev  0x0000048f       0xd4 ../../BSP/Debug\libBSP.a(iis.o)
 .debug_abbrev  0x00000563       0xf0 ../../BSP/Debug\libBSP.a(keypad.o)
 .debug_abbrev  0x00000653      0x16f ../../BSP/Debug\libBSP.a(lcd.o)
 .debug_abbrev  0x000007c2       0x8b ../../BSP/Debug\libBSP.a(leds.o)
 .debug_abbrev  0x0000084d       0xd2 ../../BSP/Debug\libBSP.a(pbs.o)
 .debug_abbrev  0x0000091f       0x76 ../../BSP/Debug\libBSP.a(power.o)
 .debug_abbrev  0x00000995       0xbe ../../BSP/Debug\libBSP.a(rtc.o)
 .debug_abbrev  0x00000a53       0xb3 ../../BSP/Debug\libBSP.a(segs.o)
 .debug_abbrev  0x00000b06      0x164 ../../BSP/Debug\libBSP.a(system.o)
 .debug_abbrev  0x00000c6a       0xee ../../BSP/Debug\libBSP.a(timers.o)
 .debug_abbrev  0x00000d58      0x116 ../../BSP/Debug\libBSP.a(uart.o)
 .debug_abbrev  0x00000e6e       0xc2 ../../BSP/Debug\libBSP.a(uda1341ts.o)
 .debug_abbrev  0x00000f30       0x84 ../../BSP/Debug\libBSP.a(dma.o)
 .debug_abbrev  0x00000fb4       0x97 ../../BSP/Debug\libBSP.a(l3.o)

.debug_info     0x00000000     0x3597
 .debug_info    0x00000000       0x29 ./.metadata/.plugins/org.eclipse.cdt.make.core/specs.o
 .debug_info    0x00000029      0x219 ./draw.o
 .debug_info    0x00000242      0x201 ./kernelcoop.o
 .debug_info    0x00000443      0x435 ./proyecto.o
 .debug_info    0x00000878      0x77e ./sintesisVoz.o
 .debug_info    0x00000ff6       0x95 ../../BSP/Debug\libBSP.a(font8x16.o)
 .debug_info    0x0000108b      0x29c ../../BSP/Debug\libBSP.a(iis.o)
 .debug_info    0x00001327      0x25f ../../BSP/Debug\libBSP.a(keypad.o)
 .debug_info    0x00001586      0x75d ../../BSP/Debug\libBSP.a(lcd.o)
 .debug_info    0x00001ce3      0x12d ../../BSP/Debug\libBSP.a(leds.o)
 .debug_info    0x00001e10      0x240 ../../BSP/Debug\libBSP.a(pbs.o)
 .debug_info    0x00002050       0xf0 ../../BSP/Debug\libBSP.a(power.o)
 .debug_info    0x00002140      0x1ac ../../BSP/Debug\libBSP.a(rtc.o)
 .debug_info    0x000022ec      0x118 ../../BSP/Debug\libBSP.a(segs.o)
 .debug_info    0x00002404      0x84c ../../BSP/Debug\libBSP.a(system.o)
 .debug_info    0x00002c50      0x2b7 ../../BSP/Debug\libBSP.a(timers.o)
 .debug_info    0x00002f07      0x2e8 ../../BSP/Debug\libBSP.a(uart.o)
 .debug_info    0x000031ef      0x188 ../../BSP/Debug\libBSP.a(uda1341ts.o)
 .debug_info    0x00003377       0xc7 ../../BSP/Debug\libBSP.a(dma.o)
 .debug_info    0x0000343e      0x159 ../../BSP/Debug\libBSP.a(l3.o)

.debug_line     0x00000000     0x18f5
 .debug_line    0x00000000       0x58 ./.metadata/.plugins/org.eclipse.cdt.make.core/specs.o
 .debug_line    0x00000058       0xbd ./draw.o
 .debug_line    0x00000115       0xe8 ./kernelcoop.o
 .debug_line    0x000001fd      0x235 ./proyecto.o
 .debug_line    0x00000432      0x33d ./sintesisVoz.o
 .debug_line    0x0000076f       0x56 ../../BSP/Debug\libBSP.a(font8x16.o)
 .debug_line    0x000007c5      0x146 ../../BSP/Debug\libBSP.a(iis.o)
 .debug_line    0x0000090b      0x1d2 ../../BSP/Debug\libBSP.a(keypad.o)
 .debug_line    0x00000add      0x298 ../../BSP/Debug\libBSP.a(lcd.o)
 .debug_line    0x00000d75       0x94 ../../BSP/Debug\libBSP.a(leds.o)
 .debug_line    0x00000e09      0x165 ../../BSP/Debug\libBSP.a(pbs.o)
 .debug_line    0x00000f6e       0x99 ../../BSP/Debug\libBSP.a(power.o)
 .debug_line    0x00001007       0xfa ../../BSP/Debug\libBSP.a(rtc.o)
 .debug_line    0x00001101       0xa0 ../../BSP/Debug\libBSP.a(segs.o)
 .debug_line    0x000011a1      0x24d ../../BSP/Debug\libBSP.a(system.o)
 .debug_line    0x000013ee      0x194 ../../BSP/Debug\libBSP.a(timers.o)
 .debug_line    0x00001582      0x15b ../../BSP/Debug\libBSP.a(uart.o)
 .debug_line    0x000016dd       0xba ../../BSP/Debug\libBSP.a(uda1341ts.o)
 .debug_line    0x00001797       0x9c ../../BSP/Debug\libBSP.a(dma.o)
 .debug_line    0x00001833       0xc2 ../../BSP/Debug\libBSP.a(l3.o)

.debug_macinfo  0x00000000    0x54451
 .debug_macinfo
                0x00000000     0x20fc ./.metadata/.plugins/org.eclipse.cdt.make.core/specs.o
 .debug_macinfo
                0x000020fc     0x43de ./draw.o
 .debug_macinfo
                0x000064da     0x4326 ./kernelcoop.o
 .debug_macinfo
                0x0000a800     0x57ba ./proyecto.o
 .debug_macinfo
                0x0000ffba     0x2382 ./sintesisVoz.o
 .debug_macinfo
                0x0001233c     0x2339 ../../BSP/Debug\libBSP.a(font8x16.o)
 .debug_macinfo
                0x00014675     0x4db0 ../../BSP/Debug\libBSP.a(iis.o)
 .debug_macinfo
                0x00019425     0x5034 ../../BSP/Debug\libBSP.a(keypad.o)
 .debug_macinfo
                0x0001e459     0x44c8 ../../BSP/Debug\libBSP.a(lcd.o)
 .debug_macinfo
                0x00022921     0x43c5 ../../BSP/Debug\libBSP.a(leds.o)
 .debug_macinfo
                0x00026ce6     0x4da4 ../../BSP/Debug\libBSP.a(pbs.o)
 .debug_macinfo
                0x0002ba8a     0x4394 ../../BSP/Debug\libBSP.a(power.o)
 .debug_macinfo
                0x0002fe1e     0x4d77 ../../BSP/Debug\libBSP.a(rtc.o)
 .debug_macinfo
                0x00034b95     0x4d10 ../../BSP/Debug\libBSP.a(segs.o)
 .debug_macinfo
                0x000398a5     0x5498 ../../BSP/Debug\libBSP.a(system.o)
 .debug_macinfo
                0x0003ed3d     0x4d2a ../../BSP/Debug\libBSP.a(timers.o)
 .debug_macinfo
                0x00043a67     0x550d ../../BSP/Debug\libBSP.a(uart.o)
 .debug_macinfo
                0x00048f74     0x244e ../../BSP/Debug\libBSP.a(uda1341ts.o)
 .debug_macinfo
                0x0004b3c2     0x4cfd ../../BSP/Debug\libBSP.a(dma.o)
 .debug_macinfo
                0x000500bf     0x4392 ../../BSP/Debug\libBSP.a(l3.o)

.debug_str      0x00000000      0xd64
 .debug_str     0x00000000       0x83 ./.metadata/.plugins/org.eclipse.cdt.make.core/specs.o
 .debug_str     0x00000083       0xab ./draw.o
                                0x11f (size before relaxing)
 .debug_str     0x0000012e       0x83 ./kernelcoop.o
                                0x13e (size before relaxing)
 .debug_str     0x000001b1       0xdb ./proyecto.o
                                0x1bc (size before relaxing)
 .debug_str     0x0000028c      0x104 ./sintesisVoz.o
                                0x1d2 (size before relaxing)
 .debug_str     0x00000390       0x6c ../../BSP/Debug\libBSP.a(font8x16.o)
                                 0xec (size before relaxing)
 .debug_str     0x000003fc       0xa0 ../../BSP/Debug\libBSP.a(iis.o)
                                0x193 (size before relaxing)
 .debug_str     0x0000049c       0xdc ../../BSP/Debug\libBSP.a(keypad.o)
                                0x1c8 (size before relaxing)
 .debug_str     0x00000578      0x13e ../../BSP/Debug\libBSP.a(lcd.o)
                                0x24f (size before relaxing)
 .debug_str     0x000006b6       0x33 ../../BSP/Debug\libBSP.a(leds.o)
                                0x119 (size before relaxing)
 .debug_str     0x000006e9       0xac ../../BSP/Debug\libBSP.a(pbs.o)
                                0x198 (size before relaxing)
 .debug_str     0x00000795       0x36 ../../BSP/Debug\libBSP.a(power.o)
                                0x112 (size before relaxing)
 .debug_str     0x000007cb       0x4c ../../BSP/Debug\libBSP.a(rtc.o)
                                0x150 (size before relaxing)
 .debug_str     0x00000817       0x39 ../../BSP/Debug\libBSP.a(segs.o)
                                0x125 (size before relaxing)
 .debug_str     0x00000850      0x2d7 ../../BSP/Debug\libBSP.a(system.o)
                                0x3bd (size before relaxing)
 .debug_str     0x00000b27       0xe0 ../../BSP/Debug\libBSP.a(timers.o)
                                0x1cd (size before relaxing)
 .debug_str     0x00000c07       0x7f ../../BSP/Debug\libBSP.a(uart.o)
                                0x17a (size before relaxing)
 .debug_str     0x00000c86       0x90 ../../BSP/Debug\libBSP.a(uda1341ts.o)
                                0x16b (size before relaxing)
 .debug_str     0x00000d16       0x2f ../../BSP/Debug\libBSP.a(dma.o)
                                0x105 (size before relaxing)
 .debug_str     0x00000d45       0x1f ../../BSP/Debug\libBSP.a(l3.o)
                                0x10a (size before relaxing)

.comment        0x00000000       0x2a
 .comment       0x00000000       0x2a ./.metadata/.plugins/org.eclipse.cdt.make.core/specs.o
                                 0x2b (size before relaxing)
 .comment       0x00000000       0x2b ./draw.o
 .comment       0x00000000       0x2b ./kernelcoop.o
 .comment       0x00000000       0x2b ./proyecto.o
 .comment       0x00000000       0x2b ./sintesisVoz.o
 .comment       0x00000000       0x2b ../../BSP/Debug\libBSP.a(font8x16.o)
 .comment       0x00000000       0x2b ../../BSP/Debug\libBSP.a(iis.o)
 .comment       0x00000000       0x2b ../../BSP/Debug\libBSP.a(keypad.o)
 .comment       0x00000000       0x2b ../../BSP/Debug\libBSP.a(lcd.o)
 .comment       0x00000000       0x2b ../../BSP/Debug\libBSP.a(leds.o)
 .comment       0x00000000       0x2b ../../BSP/Debug\libBSP.a(pbs.o)
 .comment       0x00000000       0x2b ../../BSP/Debug\libBSP.a(power.o)
 .comment       0x00000000       0x2b ../../BSP/Debug\libBSP.a(rtc.o)
 .comment       0x00000000       0x2b ../../BSP/Debug\libBSP.a(segs.o)
 .comment       0x00000000       0x2b ../../BSP/Debug\libBSP.a(system.o)
 .comment       0x00000000       0x2b ../../BSP/Debug\libBSP.a(timers.o)
 .comment       0x00000000       0x2b ../../BSP/Debug\libBSP.a(uart.o)
 .comment       0x00000000       0x2b ../../BSP/Debug\libBSP.a(uda1341ts.o)
 .comment       0x00000000       0x2b ../../BSP/Debug\libBSP.a(dma.o)
 .comment       0x00000000       0x2b ../../BSP/Debug\libBSP.a(l3.o)

.ARM.attributes
                0x00000000       0x32
 .ARM.attributes
                0x00000000       0x32 ./.metadata/.plugins/org.eclipse.cdt.make.core/specs.o
 .ARM.attributes
                0x00000032       0x32 ./draw.o
 .ARM.attributes
                0x00000064       0x32 ./kernelcoop.o
 .ARM.attributes
                0x00000096       0x32 ./proyecto.o
 .ARM.attributes
                0x000000c8       0x32 ./sintesisVoz.o
 .ARM.attributes
                0x000000fa       0x32 ../../BSP/Debug\libBSP.a(font8x16.o)
 .ARM.attributes
                0x0000012c       0x32 ../../BSP/Debug\libBSP.a(iis.o)
 .ARM.attributes
                0x0000015e       0x32 ../../BSP/Debug\libBSP.a(keypad.o)
 .ARM.attributes
                0x00000190       0x32 ../../BSP/Debug\libBSP.a(lcd.o)
 .ARM.attributes
                0x000001c2       0x32 ../../BSP/Debug\libBSP.a(leds.o)
 .ARM.attributes
                0x000001f4       0x32 ../../BSP/Debug\libBSP.a(pbs.o)
 .ARM.attributes
                0x00000226       0x32 ../../BSP/Debug\libBSP.a(power.o)
 .ARM.attributes
                0x00000258       0x32 ../../BSP/Debug\libBSP.a(rtc.o)
 .ARM.attributes
                0x0000028a       0x32 ../../BSP/Debug\libBSP.a(segs.o)
 .ARM.attributes
                0x000002bc       0x32 ../../BSP/Debug\libBSP.a(system.o)
 .ARM.attributes
                0x000002ee       0x32 ../../BSP/Debug\libBSP.a(timers.o)
 .ARM.attributes
                0x00000320       0x32 ../../BSP/Debug\libBSP.a(uart.o)
 .ARM.attributes
                0x00000352       0x32 ../../BSP/Debug\libBSP.a(uda1341ts.o)
 .ARM.attributes
                0x00000384       0x32 ../../BSP/Debug\libBSP.a(dma.o)
 .ARM.attributes
                0x000003b6       0x32 ../../BSP/Debug\libBSP.a(l3.o)
 .ARM.attributes
                0x000003e8       0x1a c:/eclipsearm/eclipsearm/sourcery-g++-lite-arm-2011.03/bin/../lib/gcc/arm-none-eabi/4.5.2\libgcc.a(_udivsi3.o)
 .ARM.attributes
                0x00000402       0x18 c:/eclipsearm/eclipsearm/sourcery-g++-lite-arm-2011.03/bin/../lib/gcc/arm-none-eabi/4.5.2\libgcc.a(_dvmd_tls.o)
 .ARM.attributes
                0x0000041a       0x1a c:/eclipsearm/eclipsearm/sourcery-g++-lite-arm-2011.03/bin/../lib/gcc/arm-none-eabi/4.5.2\libgcc.a(_aeabi_uldivmod.o)
 .ARM.attributes
                0x00000434       0x34 c:/eclipsearm/eclipsearm/sourcery-g++-lite-arm-2011.03/bin/../lib/gcc/arm-none-eabi/4.5.2\libgcc.a(bpabi.o)
 .ARM.attributes
                0x00000468       0x34 c:/eclipsearm/eclipsearm/sourcery-g++-lite-arm-2011.03/bin/../lib/gcc/arm-none-eabi/4.5.2\libgcc.a(_divdi3.o)
 .ARM.attributes
                0x0000049c       0x34 c:/eclipsearm/eclipsearm/sourcery-g++-lite-arm-2011.03/bin/../lib/gcc/arm-none-eabi/4.5.2\libgcc.a(_udivdi3.o)
 .ARM.attributes
                0x000004d0       0x1a c:/eclipsearm/eclipsearm/sourcery-g++-lite-arm-2011.03/bin/../lib/gcc/arm-none-eabi/4.5.2\libgcc.a(_clzsi2.o)

.debug_loc      0x00000000     0x1d38
 .debug_loc     0x00000000       0x84 ./draw.o
 .debug_loc     0x00000084       0xdc ./kernelcoop.o
 .debug_loc     0x00000160      0x18c ./proyecto.o
 .debug_loc     0x000002ec      0x1b8 ./sintesisVoz.o
 .debug_loc     0x000004a4      0x1b8 ../../BSP/Debug\libBSP.a(iis.o)
 .debug_loc     0x0000065c      0x210 ../../BSP/Debug\libBSP.a(keypad.o)
 .debug_loc     0x0000086c      0x344 ../../BSP/Debug\libBSP.a(lcd.o)
 .debug_loc     0x00000bb0       0xdc ../../BSP/Debug\libBSP.a(leds.o)
 .debug_loc     0x00000c8c      0x210 ../../BSP/Debug\libBSP.a(pbs.o)
 .debug_loc     0x00000e9c       0x84 ../../BSP/Debug\libBSP.a(power.o)
 .debug_loc     0x00000f20       0xdc ../../BSP/Debug\libBSP.a(rtc.o)
 .debug_loc     0x00000ffc       0xb0 ../../BSP/Debug\libBSP.a(segs.o)
 .debug_loc     0x000010ac      0x6b4 ../../BSP/Debug\libBSP.a(system.o)
 .debug_loc     0x00001760      0x23c ../../BSP/Debug\libBSP.a(timers.o)
 .debug_loc     0x0000199c      0x18c ../../BSP/Debug\libBSP.a(uart.o)
 .debug_loc     0x00001b28      0x134 ../../BSP/Debug\libBSP.a(uda1341ts.o)
 .debug_loc     0x00001c5c       0x84 ../../BSP/Debug\libBSP.a(dma.o)
 .debug_loc     0x00001ce0       0x58 ../../BSP/Debug\libBSP.a(l3.o)

.debug_pubnames
                0x00000000      0xc61
 .debug_pubnames
                0x00000000       0x49 ./draw.o
 .debug_pubnames
                0x00000049       0x61 ./kernelcoop.o
 .debug_pubnames
                0x000000aa       0xf2 ./proyecto.o
 .debug_pubnames
                0x0000019c       0x43 ./sintesisVoz.o
 .debug_pubnames
                0x000001df       0x1b ../../BSP/Debug\libBSP.a(font8x16.o)
 .debug_pubnames
                0x000001fa       0x9e ../../BSP/Debug\libBSP.a(iis.o)
 .debug_pubnames
                0x00000298      0x10e ../../BSP/Debug\libBSP.a(keypad.o)
 .debug_pubnames
                0x000003a6      0x152 ../../BSP/Debug\libBSP.a(lcd.o)
 .debug_pubnames
                0x000004f8       0x55 ../../BSP/Debug\libBSP.a(leds.o)
 .debug_pubnames
                0x0000054d       0xe1 ../../BSP/Debug\libBSP.a(pbs.o)
 .debug_pubnames
                0x0000062e       0x3e ../../BSP/Debug\libBSP.a(power.o)
 .debug_pubnames
                0x0000066c       0x5a ../../BSP/Debug\libBSP.a(rtc.o)
 .debug_pubnames
                0x000006c6       0x4e ../../BSP/Debug\libBSP.a(segs.o)
 .debug_pubnames
                0x00000714      0x2b1 ../../BSP/Debug\libBSP.a(system.o)
 .debug_pubnames
                0x000009c5       0xee ../../BSP/Debug\libBSP.a(timers.o)
 .debug_pubnames
                0x00000ab3       0xa7 ../../BSP/Debug\libBSP.a(uart.o)
 .debug_pubnames
                0x00000b5a       0x9a ../../BSP/Debug\libBSP.a(uda1341ts.o)
 .debug_pubnames
                0x00000bf4       0x40 ../../BSP/Debug\libBSP.a(dma.o)
 .debug_pubnames
                0x00000c34       0x2d ../../BSP/Debug\libBSP.a(l3.o)

.debug_pubtypes
                0x00000000      0x3a3
 .debug_pubtypes
                0x00000000       0x3c ./draw.o
 .debug_pubtypes
                0x0000003c       0x34 ./kernelcoop.o
 .debug_pubtypes
                0x00000070       0x42 ./proyecto.o
 .debug_pubtypes
                0x000000b2       0x44 ./sintesisVoz.o
 .debug_pubtypes
                0x000000f6       0x1c ../../BSP/Debug\libBSP.a(font8x16.o)
 .debug_pubtypes
                0x00000112       0x31 ../../BSP/Debug\libBSP.a(iis.o)
 .debug_pubtypes
                0x00000143       0x32 ../../BSP/Debug\libBSP.a(keypad.o)
 .debug_pubtypes
                0x00000175       0x3c ../../BSP/Debug\libBSP.a(lcd.o)
 .debug_pubtypes
                0x000001b1       0x27 ../../BSP/Debug\libBSP.a(leds.o)
 .debug_pubtypes
                0x000001d8       0x32 ../../BSP/Debug\libBSP.a(pbs.o)
 .debug_pubtypes
                0x0000020a       0x27 ../../BSP/Debug\libBSP.a(power.o)
 .debug_pubtypes
                0x00000231       0x36 ../../BSP/Debug\libBSP.a(rtc.o)
 .debug_pubtypes
                0x00000267       0x27 ../../BSP/Debug\libBSP.a(segs.o)
 .debug_pubtypes
                0x0000028e       0x27 ../../BSP/Debug\libBSP.a(system.o)
 .debug_pubtypes
                0x000002b5       0x3d ../../BSP/Debug\libBSP.a(timers.o)
 .debug_pubtypes
                0x000002f2       0x48 ../../BSP/Debug\libBSP.a(uart.o)
 .debug_pubtypes
                0x0000033a       0x1c ../../BSP/Debug\libBSP.a(uda1341ts.o)
 .debug_pubtypes
                0x00000356       0x1d ../../BSP/Debug\libBSP.a(dma.o)
 .debug_pubtypes
                0x00000373       0x30 ../../BSP/Debug\libBSP.a(l3.o)

.debug_aranges  0x00000000      0x240
 .debug_aranges
                0x00000000       0x20 ./draw.o
 .debug_aranges
                0x00000020       0x20 ./kernelcoop.o
 .debug_aranges
                0x00000040       0x20 ./proyecto.o
 .debug_aranges
                0x00000060       0x20 ./sintesisVoz.o
 .debug_aranges
                0x00000080       0x20 ../../BSP/Debug\libBSP.a(iis.o)
 .debug_aranges
                0x000000a0       0x20 ../../BSP/Debug\libBSP.a(keypad.o)
 .debug_aranges
                0x000000c0       0x20 ../../BSP/Debug\libBSP.a(lcd.o)
 .debug_aranges
                0x000000e0       0x20 ../../BSP/Debug\libBSP.a(leds.o)
 .debug_aranges
                0x00000100       0x20 ../../BSP/Debug\libBSP.a(pbs.o)
 .debug_aranges
                0x00000120       0x20 ../../BSP/Debug\libBSP.a(power.o)
 .debug_aranges
                0x00000140       0x20 ../../BSP/Debug\libBSP.a(rtc.o)
 .debug_aranges
                0x00000160       0x20 ../../BSP/Debug\libBSP.a(segs.o)
 .debug_aranges
                0x00000180       0x20 ../../BSP/Debug\libBSP.a(system.o)
 .debug_aranges
                0x000001a0       0x20 ../../BSP/Debug\libBSP.a(timers.o)
 .debug_aranges
                0x000001c0       0x20 ../../BSP/Debug\libBSP.a(uart.o)
 .debug_aranges
                0x000001e0       0x20 ../../BSP/Debug\libBSP.a(uda1341ts.o)
 .debug_aranges
                0x00000200       0x20 ../../BSP/Debug\libBSP.a(dma.o)
 .debug_aranges
                0x00000220       0x20 ../../BSP/Debug\libBSP.a(l3.o)

.debug_frame    0x00000000     0x1980
 .debug_frame   0x00000000       0x70 ./draw.o
 .debug_frame   0x00000070       0xbc ./kernelcoop.o
 .debug_frame   0x0000012c      0x148 ./proyecto.o
 .debug_frame   0x00000274      0x150 ./sintesisVoz.o
 .debug_frame   0x000003c4      0x158 ../../BSP/Debug\libBSP.a(iis.o)
 .debug_frame   0x0000051c      0x190 ../../BSP/Debug\libBSP.a(keypad.o)
 .debug_frame   0x000006ac      0x270 ../../BSP/Debug\libBSP.a(lcd.o)
 .debug_frame   0x0000091c       0xb0 ../../BSP/Debug\libBSP.a(leds.o)
 .debug_frame   0x000009cc      0x190 ../../BSP/Debug\libBSP.a(pbs.o)
 .debug_frame   0x00000b5c       0x70 ../../BSP/Debug\libBSP.a(power.o)
 .debug_frame   0x00000bcc       0xb0 ../../BSP/Debug\libBSP.a(rtc.o)
 .debug_frame   0x00000c7c       0x90 ../../BSP/Debug\libBSP.a(segs.o)
 .debug_frame   0x00000d0c      0x6f4 ../../BSP/Debug\libBSP.a(system.o)
 .debug_frame   0x00001400      0x1b8 ../../BSP/Debug\libBSP.a(timers.o)
 .debug_frame   0x000015b8      0x130 ../../BSP/Debug\libBSP.a(uart.o)
 .debug_frame   0x000016e8       0xf0 ../../BSP/Debug\libBSP.a(uda1341ts.o)
 .debug_frame   0x000017d8       0x70 ../../BSP/Debug\libBSP.a(dma.o)
 .debug_frame   0x00001848       0x50 ../../BSP/Debug\libBSP.a(l3.o)
 .debug_frame   0x00001898       0x20 c:/eclipsearm/eclipsearm/sourcery-g++-lite-arm-2011.03/bin/../lib/gcc/arm-none-eabi/4.5.2\libgcc.a(_udivsi3.o)
 .debug_frame   0x000018b8       0x50 c:/eclipsearm/eclipsearm/sourcery-g++-lite-arm-2011.03/bin/../lib/gcc/arm-none-eabi/4.5.2\libgcc.a(bpabi.o)
 .debug_frame   0x00001908       0x3c c:/eclipsearm/eclipsearm/sourcery-g++-lite-arm-2011.03/bin/../lib/gcc/arm-none-eabi/4.5.2\libgcc.a(_divdi3.o)
 .debug_frame   0x00001944       0x3c c:/eclipsearm/eclipsearm/sourcery-g++-lite-arm-2011.03/bin/../lib/gcc/arm-none-eabi/4.5.2\libgcc.a(_udivdi3.o)
